{
    "unmask - lower fasta": {
        "content": [
            {
                "0": [
                    [
                        {
                            "id": "test"
                        },
                        "test.unmasked.fa:md5,180be8e1506ddab3aec29e31b3a9358b"
                    ]
                ],
                "1": [
                    [
                        "UNMASK",
                        "unmask",
                        "1.0"
                    ]
                ],
                "2": [
                    [
                        "UNMASK",
                        "gawk",
                        "5.3.1"
                    ]
                ],
                "unmasked": [
                    [
                        {
                            "id": "test"
                        },
                        "test.unmasked.fa:md5,180be8e1506ddab3aec29e31b3a9358b"
                    ]
                ],
                "versions_gawk": [
                    [
                        "UNMASK",
                        "gawk",
                        "5.3.1"
                    ]
                ],
                "versions_unmask": [
                    [
                        "UNMASK",
                        "unmask",
                        "1.0"
                    ]
                ]
            }
        ],
        "meta": {
            "nf-test": "0.9.3",
            "nextflow": "25.10.2"
        },
        "timestamp": "2026-01-26T17:06:47.532406854"
    },
    "unmask - upper fasta": {
        "content": [
            {
                "0": [
                    [
                        {
                            "id": "test"
                        },
                        "test.unmasked.fa:md5,ad699c56ed38566c7d3e9579486b1706"
                    ]
                ],
                "1": [
                    [
                        "UNMASK",
                        "unmask",
                        "1.0"
                    ]
                ],
                "2": [
                    [
                        "UNMASK",
                        "gawk",
                        "5.3.1"
                    ]
                ],
                "unmasked": [
                    [
                        {
                            "id": "test"
                        },
                        "test.unmasked.fa:md5,ad699c56ed38566c7d3e9579486b1706"
                    ]
                ],
                "versions_gawk": [
                    [
                        "UNMASK",
                        "gawk",
                        "5.3.1"
                    ]
                ],
                "versions_unmask": [
                    [
                        "UNMASK",
                        "unmask",
                        "1.0"
                    ]
                ]
            }
        ],
        "meta": {
            "nf-test": "0.9.3",
            "nextflow": "25.10.2"
        },
        "timestamp": "2026-01-26T17:06:54.570510071"
    },
    "unmask - stub": {
        "content": [
            {
                "0": [
                    [
                        {
                            "id": "test"
                        },
                        "test.unmasked.fa:md5,d41d8cd98f00b204e9800998ecf8427e"
                    ]
                ],
                "1": [
                    [
                        "UNMASK",
                        "unmask",
                        "1.0"
                    ]
                ],
                "2": [
                    [
                        "UNMASK",
                        "gawk",
                        "5.3.1"
                    ]
                ],
                "unmasked": [
                    [
                        {
                            "id": "test"
                        },
                        "test.unmasked.fa:md5,d41d8cd98f00b204e9800998ecf8427e"
                    ]
                ],
                "versions_gawk": [
                    [
                        "UNMASK",
                        "gawk",
                        "5.3.1"
                    ]
                ],
                "versions_unmask": [
                    [
                        "UNMASK",
                        "unmask",
                        "1.0"
                    ]
                ]
            }
        ],
        "meta": {
            "nf-test": "0.9.3",
            "nextflow": "25.10.2"
        },
        "timestamp": "2026-01-26T17:07:00.63189566"
    }
}